2025/11/02 22:00:47 main.go:28: Logger Initialized
2025/11/02 22:00:47 parser.go:51: max tokens = 100
2025/11/02 22:00:47 parser.go:51: max tokens = 100
2025/11/02 22:00:47 main.go:46: event=init action=NewServiceRegistry
2025/11/02 22:00:47 main.go:48: event=init action=NewBucketStorage
2025/11/02 22:00:47 main.go:102: event=create_service id="test_service" usage_price_in_tokens=1
2025/11/02 22:00:47 service_registry.go:36: action=create_service id="test_service" usage_price_in_tokens=1
2025/11/02 22:00:47 main.go:102: event=create_service id="test_service" usage_price_in_tokens=1
2025/11/02 22:00:47 service_registry.go:36: action=create_service id="test_service" usage_price_in_tokens=1
2025/11/02 22:00:47 main.go:113: event=server_setup status=starting
2025/11/02 22:00:47 main.go:125: event=server status=listening port=":50051"
2025/11/02 22:00:52 main.go:87: level=info event=periodic_save start saving 1 buckets
2025/11/02 22:00:57 main.go:87: level=info event=periodic_save start saving 1 buckets
2025/11/02 22:01:02 main.go:87: level=info event=periodic_save start saving 1 buckets
2025/11/02 22:01:07 main.go:87: level=info event=periodic_save start saving 1 buckets
2025/11/02 22:01:12 main.go:87: level=info event=periodic_save start saving 1 buckets
2025/11/02 22:01:17 main.go:87: level=info event=periodic_save start saving 1 buckets
2025/11/02 22:01:22 main.go:87: level=info event=periodic_save start saving 1 buckets
2025/11/02 22:01:27 main.go:87: level=info event=periodic_save start saving 1 buckets
2025/11/02 22:01:32 main.go:87: level=info event=periodic_save start saving 1 buckets
2025/11/02 22:01:37 main.go:87: level=info event=periodic_save start saving 1 buckets
2025/11/02 22:01:42 main.go:87: level=info event=periodic_save start saving 1 buckets
2025/11/02 22:01:47 main.go:87: level=info event=periodic_save start saving 1 buckets
2025/11/02 22:01:52 main.go:87: level=info event=periodic_save start saving 1 buckets
2025/11/02 22:01:57 main.go:87: level=info event=periodic_save start saving 1 buckets
2025/11/02 22:02:02 main.go:87: level=info event=periodic_save start saving 1 buckets
2025/11/02 22:02:07 main.go:87: level=info event=periodic_save start saving 1 buckets
2025/11/02 22:02:12 main.go:87: level=info event=periodic_save start saving 1 buckets
2025/11/02 22:02:17 main.go:87: level=info event=periodic_save start saving 1 buckets
2025/11/02 22:02:22 main.go:87: level=info event=periodic_save start saving 1 buckets
2025/11/02 22:02:27 main.go:87: level=info event=periodic_save start saving 1 buckets
2025/11/02 22:02:32 main.go:87: level=info event=periodic_save start saving 1 buckets
2025/11/02 22:02:37 main.go:87: level=info event=periodic_save start saving 1 buckets
2025/11/02 22:02:42 main.go:87: level=info event=periodic_save start saving 1 buckets
2025/11/02 22:02:47 main.go:87: level=info event=periodic_save start saving 1 buckets
